
> vite-react-typescript-starter@0.0.0 build
> vite build

node.exe : @vitejs/plug
in-react-oxc is 
deprecated. Please use 
@vitejs/plugin-react 
instead. The changes 
of this plugin is now 
included in 
@vitejs/plugin-react.
At line:1 char:1
+ & "C:\Program 
Files\nodejs/node.exe" 
"C:\Users\Kanishkar 
D\AppData\Ro ...
+ ~~~~~~~~~~~~~~~~~~~~~
~~~~~~~~~~~~~~~~~~~~~~~
~~~~~~~~~~~~~~~~~~~~~~~
~~
    + CategoryInfo     
         : 
NotSpecified: (@vi    
tejs/plugin-...s/plugi 
   n-react.:String) 
[], R    emoteException
    + 
FullyQualifiedErrorI   
 d : NativeCommandError
 
[36mvite v8.0.1 [32mbuilding client environment for production...[36m[39m
[2K
Browserslist: 
caniuse-lite is 
outdated. Please run:
  npx update-browsersli
st-db@latest
  Why you should do it 
regularly: https://gith
ub.com/browserslist/upd
ate-db#readme
transforming...Γ£ô 2218 modules transformed.
rendering chunks...
computing gzip size...
dist/index.html                      0.97 kB Γöé gzip:   0.44 kB
dist/assets/logo-og-5JM45TaF.png   105.36 kB
dist/assets/mayilvia-MMbt28F-.png  444.84 kB
dist/assets/index-D5d0RpYr.css      36.33 kB Γöé gzip:   6.66 kB
dist/assets/index-tSgC9pKe.js      932.08 kB Γöé gzip: 298.72 kB

[32mΓ£ô built in 1.35s[39m
